// Jest Snapshot v1, https://goo.gl/fbAQLP

exports[`ProfileRow should render correctly 1`] = `[Function]`;
